2025-07-29T21:04:39.963+05:30  INFO 34668 --- [Builder-Portfolio-Springboot] [restartedMain] .p.BuilderPortfolioSpringbootApplication : Starting BuilderPortfolioSpringbootApplication using Java 17.0.14 with PID 34668 (/Users/kpraneeth/Desktop/Mini-Project-2/Builder-Portfolio-Springboot/target/classes started by kpraneeth in /Users/kpraneeth/Desktop/Mini-Project-2/Builder-Portfolio-Springboot)
2025-07-29T21:04:39.966+05:30 DEBUG 34668 --- [Builder-Portfolio-Springboot] [restartedMain] .p.BuilderPortfolioSpringbootApplication : Running with Spring Boot v3.5.4, Spring v6.2.9
2025-07-29T21:04:39.966+05:30  INFO 34668 --- [Builder-Portfolio-Springboot] [restartedMain] .p.BuilderPortfolioSpringbootApplication : No active profile set, falling back to 1 default profile: "default"
2025-07-29T21:04:39.983+05:30  INFO 34668 --- [Builder-Portfolio-Springboot] [restartedMain] .e.DevToolsPropertyDefaultsPostProcessor : Devtools property defaults active! Set 'spring.devtools.add-properties' to 'false' to disable
2025-07-29T21:04:39.983+05:30  INFO 34668 --- [Builder-Portfolio-Springboot] [restartedMain] .e.DevToolsPropertyDefaultsPostProcessor : For additional web related logging consider setting the 'logging.level.web' property to 'DEBUG'
2025-07-29T21:04:40.239+05:30  INFO 34668 --- [Builder-Portfolio-Springboot] [restartedMain] .s.d.r.c.RepositoryConfigurationDelegate : Bootstrapping Spring Data JPA repositories in DEFAULT mode.
2025-07-29T21:04:40.258+05:30  INFO 34668 --- [Builder-Portfolio-Springboot] [restartedMain] .s.d.r.c.RepositoryConfigurationDelegate : Finished Spring Data repository scanning in 16 ms. Found 2 JPA repository interfaces.
2025-07-29T21:04:40.416+05:30  INFO 34668 --- [Builder-Portfolio-Springboot] [restartedMain] o.s.b.w.embedded.tomcat.TomcatWebServer  : Tomcat initialized with port 8080 (http)
2025-07-29T21:04:40.421+05:30  INFO 34668 --- [Builder-Portfolio-Springboot] [restartedMain] o.apache.catalina.core.StandardService   : Starting service [Tomcat]
2025-07-29T21:04:40.421+05:30  INFO 34668 --- [Builder-Portfolio-Springboot] [restartedMain] o.apache.catalina.core.StandardEngine    : Starting Servlet engine: [Apache Tomcat/10.1.43]
2025-07-29T21:04:40.434+05:30  INFO 34668 --- [Builder-Portfolio-Springboot] [restartedMain] o.a.c.c.C.[Tomcat].[localhost].[/]       : Initializing Spring embedded WebApplicationContext
2025-07-29T21:04:40.434+05:30  INFO 34668 --- [Builder-Portfolio-Springboot] [restartedMain] w.s.c.ServletWebServerApplicationContext : Root WebApplicationContext: initialization completed in 451 ms
2025-07-29T21:04:40.483+05:30  INFO 34668 --- [Builder-Portfolio-Springboot] [restartedMain] com.zaxxer.hikari.HikariDataSource       : HikariPool-1 - Starting...
2025-07-29T21:04:40.550+05:30  INFO 34668 --- [Builder-Portfolio-Springboot] [restartedMain] com.zaxxer.hikari.pool.HikariPool        : HikariPool-1 - Added connection org.postgresql.jdbc.PgConnection@269bb04e
2025-07-29T21:04:40.550+05:30  INFO 34668 --- [Builder-Portfolio-Springboot] [restartedMain] com.zaxxer.hikari.HikariDataSource       : HikariPool-1 - Start completed.
2025-07-29T21:04:40.564+05:30  INFO 34668 --- [Builder-Portfolio-Springboot] [restartedMain] o.hibernate.jpa.internal.util.LogHelper  : HHH000204: Processing PersistenceUnitInfo [name: default]
2025-07-29T21:04:40.589+05:30  INFO 34668 --- [Builder-Portfolio-Springboot] [restartedMain] org.hibernate.Version                    : HHH000412: Hibernate ORM core version 6.6.22.Final
2025-07-29T21:04:40.600+05:30  INFO 34668 --- [Builder-Portfolio-Springboot] [restartedMain] o.h.c.internal.RegionFactoryInitiator    : HHH000026: Second-level cache disabled
2025-07-29T21:04:40.687+05:30  INFO 34668 --- [Builder-Portfolio-Springboot] [restartedMain] o.s.o.j.p.SpringPersistenceUnitInfo      : No LoadTimeWeaver setup: ignoring JPA class transformer
2025-07-29T21:04:40.722+05:30  INFO 34668 --- [Builder-Portfolio-Springboot] [restartedMain] org.hibernate.orm.connections.pooling    : HHH10001005: Database info:
	Database JDBC URL [Connecting through datasource 'HikariDataSource (HikariPool-1)']
	Database driver: undefined/unknown
	Database version: 17.2
	Autocommit mode: undefined/unknown
	Isolation level: undefined/unknown
	Minimum pool size: undefined/unknown
	Maximum pool size: undefined/unknown
2025-07-29T21:04:41.021+05:30  INFO 34668 --- [Builder-Portfolio-Springboot] [restartedMain] o.h.e.t.j.p.i.JtaPlatformInitiator       : HHH000489: No JTA platform available (set 'hibernate.transaction.jta.platform' to enable JTA platform integration)
2025-07-29T21:04:41.022+05:30  INFO 34668 --- [Builder-Portfolio-Springboot] [restartedMain] j.LocalContainerEntityManagerFactoryBean : Initialized JPA EntityManagerFactory for persistence unit 'default'
2025-07-29T21:04:41.095+05:30  WARN 34668 --- [Builder-Portfolio-Springboot] [restartedMain] JpaBaseConfiguration$JpaWebConfiguration : spring.jpa.open-in-view is enabled by default. Therefore, database queries may be performed during view rendering. Explicitly configure spring.jpa.open-in-view to disable this warning
2025-07-29T21:04:41.213+05:30  INFO 34668 --- [Builder-Portfolio-Springboot] [restartedMain] o.s.b.d.a.OptionalLiveReloadServer       : LiveReload server is running on port 35729
2025-07-29T21:04:41.223+05:30  INFO 34668 --- [Builder-Portfolio-Springboot] [restartedMain] o.s.b.w.embedded.tomcat.TomcatWebServer  : Tomcat started on port 8080 (http) with context path '/'
2025-07-29T21:04:41.228+05:30  INFO 34668 --- [Builder-Portfolio-Springboot] [restartedMain] .p.BuilderPortfolioSpringbootApplication : Started BuilderPortfolioSpringbootApplication in 1.422 seconds (process running for 1.621)
2025-07-29T21:05:11.428+05:30  INFO 34668 --- [Builder-Portfolio-Springboot] [http-nio-8080-exec-1] o.a.c.c.C.[Tomcat].[localhost].[/]       : Initializing Spring DispatcherServlet 'dispatcherServlet'
2025-07-29T21:05:11.429+05:30  INFO 34668 --- [Builder-Portfolio-Springboot] [http-nio-8080-exec-1] o.s.web.servlet.DispatcherServlet        : Initializing Servlet 'dispatcherServlet'
2025-07-29T21:05:11.429+05:30  INFO 34668 --- [Builder-Portfolio-Springboot] [http-nio-8080-exec-1] o.s.web.servlet.DispatcherServlet        : Completed initialization in 0 ms
2025-07-29T21:05:11.499+05:30  INFO 34668 --- [Builder-Portfolio-Springboot] [http-nio-8080-exec-1] c.p.S.Implementations.UserServiceImpl    : Creating user: builder3@gmail.com
2025-07-29T21:05:11.525+05:30  WARN 34668 --- [Builder-Portfolio-Springboot] [http-nio-8080-exec-1] o.h.engine.jdbc.spi.SqlExceptionHelper   : SQL Error: 0, SQLState: 23505
2025-07-29T21:05:11.525+05:30 ERROR 34668 --- [Builder-Portfolio-Springboot] [http-nio-8080-exec-1] o.h.engine.jdbc.spi.SqlExceptionHelper   : ERROR: duplicate key value violates unique constraint "users_email_key"
  Detail: Key (email)=(builder3@gmail.com) already exists.
2025-07-29T21:05:11.534+05:30  WARN 34668 --- [Builder-Portfolio-Springboot] [http-nio-8080-exec-1] .m.m.a.ExceptionHandlerExceptionResolver : Resolved [org.springframework.dao.DataIntegrityViolationException: could not execute statement [ERROR: duplicate key value violates unique constraint "users_email_key"<EOL>  Detail: Key (email)=(builder3@gmail.com) already exists.] [insert into users (email,name,role) values (?,?,?)]; SQL [insert into users (email,name,role) values (?,?,?)]; constraint [users_email_key]]
2025-07-29T21:05:59.651+05:30  INFO 34668 --- [Builder-Portfolio-Springboot] [http-nio-8080-exec-4] c.p.S.Implementations.UserServiceImpl    : Creating user: builder4@gmail.com
2025-07-29T21:06:42.584+05:30  INFO 34668 --- [Builder-Portfolio-Springboot] [http-nio-8080-exec-6] c.p.S.Implementations.UserServiceImpl    : Creating user: client4@gmail.com
2025-07-29T21:07:29.906+05:30  INFO 34668 --- [Builder-Portfolio-Springboot] [http-nio-8080-exec-9] c.p.S.I.ProjectServiceImpl               : Creating project: Project Five
2025-07-29T21:12:35.291+05:30  WARN 34668 --- [Builder-Portfolio-Springboot] [http-nio-8080-exec-4] .m.m.a.ExceptionHandlerExceptionResolver : Resolved [com.praneeth.Exceptions.ProjectNotFoundException: Project not found]
2025-07-29T21:17:02.813+05:30  INFO 34668 --- [Builder-Portfolio-Springboot] [SpringApplicationShutdownHook] o.s.b.w.e.tomcat.GracefulShutdown        : Commencing graceful shutdown. Waiting for active requests to complete
2025-07-29T21:17:02.815+05:30  INFO 34668 --- [Builder-Portfolio-Springboot] [tomcat-shutdown] o.s.b.w.e.tomcat.GracefulShutdown        : Graceful shutdown complete
2025-07-29T21:17:02.817+05:30  INFO 34668 --- [Builder-Portfolio-Springboot] [SpringApplicationShutdownHook] j.LocalContainerEntityManagerFactoryBean : Closing JPA EntityManagerFactory for persistence unit 'default'
2025-07-29T21:17:02.818+05:30  INFO 34668 --- [Builder-Portfolio-Springboot] [SpringApplicationShutdownHook] com.zaxxer.hikari.HikariDataSource       : HikariPool-1 - Shutdown initiated...
2025-07-29T21:17:02.819+05:30  INFO 34668 --- [Builder-Portfolio-Springboot] [SpringApplicationShutdownHook] com.zaxxer.hikari.HikariDataSource       : HikariPool-1 - Shutdown completed.
2025-07-29T21:41:56.332+05:30  INFO 36873 --- [Builder-Portfolio-Springboot] [restartedMain] .p.BuilderPortfolioSpringbootApplication : Starting BuilderPortfolioSpringbootApplication using Java 17.0.14 with PID 36873 (/Users/kpraneeth/Desktop/Mini-Project-2/Builder-Portfolio-Springboot/target/classes started by kpraneeth in /Users/kpraneeth/Desktop/Mini-Project-2/Builder-Portfolio-Springboot)
2025-07-29T21:41:56.333+05:30 DEBUG 36873 --- [Builder-Portfolio-Springboot] [restartedMain] .p.BuilderPortfolioSpringbootApplication : Running with Spring Boot v3.5.4, Spring v6.2.9
2025-07-29T21:41:56.333+05:30  INFO 36873 --- [Builder-Portfolio-Springboot] [restartedMain] .p.BuilderPortfolioSpringbootApplication : No active profile set, falling back to 1 default profile: "default"
2025-07-29T21:41:56.348+05:30  INFO 36873 --- [Builder-Portfolio-Springboot] [restartedMain] .e.DevToolsPropertyDefaultsPostProcessor : Devtools property defaults active! Set 'spring.devtools.add-properties' to 'false' to disable
2025-07-29T21:41:56.348+05:30  INFO 36873 --- [Builder-Portfolio-Springboot] [restartedMain] .e.DevToolsPropertyDefaultsPostProcessor : For additional web related logging consider setting the 'logging.level.web' property to 'DEBUG'
2025-07-29T21:41:56.575+05:30  INFO 36873 --- [Builder-Portfolio-Springboot] [restartedMain] .s.d.r.c.RepositoryConfigurationDelegate : Bootstrapping Spring Data JPA repositories in DEFAULT mode.
2025-07-29T21:41:56.594+05:30  INFO 36873 --- [Builder-Portfolio-Springboot] [restartedMain] .s.d.r.c.RepositoryConfigurationDelegate : Finished Spring Data repository scanning in 16 ms. Found 2 JPA repository interfaces.
2025-07-29T21:41:56.743+05:30  INFO 36873 --- [Builder-Portfolio-Springboot] [restartedMain] o.s.b.w.embedded.tomcat.TomcatWebServer  : Tomcat initialized with port 8080 (http)
2025-07-29T21:41:56.748+05:30  INFO 36873 --- [Builder-Portfolio-Springboot] [restartedMain] o.apache.catalina.core.StandardService   : Starting service [Tomcat]
2025-07-29T21:41:56.748+05:30  INFO 36873 --- [Builder-Portfolio-Springboot] [restartedMain] o.apache.catalina.core.StandardEngine    : Starting Servlet engine: [Apache Tomcat/10.1.43]
2025-07-29T21:41:56.760+05:30  INFO 36873 --- [Builder-Portfolio-Springboot] [restartedMain] o.a.c.c.C.[Tomcat].[localhost].[/]       : Initializing Spring embedded WebApplicationContext
2025-07-29T21:41:56.761+05:30  INFO 36873 --- [Builder-Portfolio-Springboot] [restartedMain] w.s.c.ServletWebServerApplicationContext : Root WebApplicationContext: initialization completed in 413 ms
2025-07-29T21:41:56.816+05:30  INFO 36873 --- [Builder-Portfolio-Springboot] [restartedMain] o.hibernate.jpa.internal.util.LogHelper  : HHH000204: Processing PersistenceUnitInfo [name: default]
2025-07-29T21:41:56.837+05:30  INFO 36873 --- [Builder-Portfolio-Springboot] [restartedMain] org.hibernate.Version                    : HHH000412: Hibernate ORM core version 6.6.22.Final
2025-07-29T21:41:56.849+05:30  INFO 36873 --- [Builder-Portfolio-Springboot] [restartedMain] o.h.c.internal.RegionFactoryInitiator    : HHH000026: Second-level cache disabled
2025-07-29T21:41:56.927+05:30  INFO 36873 --- [Builder-Portfolio-Springboot] [restartedMain] o.s.o.j.p.SpringPersistenceUnitInfo      : No LoadTimeWeaver setup: ignoring JPA class transformer
2025-07-29T21:41:56.937+05:30  INFO 36873 --- [Builder-Portfolio-Springboot] [restartedMain] com.zaxxer.hikari.HikariDataSource       : HikariPool-1 - Starting...
2025-07-29T21:41:56.999+05:30  INFO 36873 --- [Builder-Portfolio-Springboot] [restartedMain] com.zaxxer.hikari.pool.HikariPool        : HikariPool-1 - Added connection org.postgresql.jdbc.PgConnection@49909d5b
2025-07-29T21:41:56.999+05:30  INFO 36873 --- [Builder-Portfolio-Springboot] [restartedMain] com.zaxxer.hikari.HikariDataSource       : HikariPool-1 - Start completed.
2025-07-29T21:41:57.027+05:30  INFO 36873 --- [Builder-Portfolio-Springboot] [restartedMain] org.hibernate.orm.connections.pooling    : HHH10001005: Database info:
	Database JDBC URL [Connecting through datasource 'HikariDataSource (HikariPool-1)']
	Database driver: undefined/unknown
	Database version: 17.2
	Autocommit mode: undefined/unknown
	Isolation level: undefined/unknown
	Minimum pool size: undefined/unknown
	Maximum pool size: undefined/unknown
2025-07-29T21:41:57.327+05:30  INFO 36873 --- [Builder-Portfolio-Springboot] [restartedMain] o.h.e.t.j.p.i.JtaPlatformInitiator       : HHH000489: No JTA platform available (set 'hibernate.transaction.jta.platform' to enable JTA platform integration)
2025-07-29T21:41:57.513+05:30  INFO 36873 --- [Builder-Portfolio-Springboot] [restartedMain] j.LocalContainerEntityManagerFactoryBean : Initialized JPA EntityManagerFactory for persistence unit 'default'
2025-07-29T21:41:57.588+05:30  WARN 36873 --- [Builder-Portfolio-Springboot] [restartedMain] JpaBaseConfiguration$JpaWebConfiguration : spring.jpa.open-in-view is enabled by default. Therefore, database queries may be performed during view rendering. Explicitly configure spring.jpa.open-in-view to disable this warning
2025-07-29T21:41:57.703+05:30  INFO 36873 --- [Builder-Portfolio-Springboot] [restartedMain] o.s.b.d.a.OptionalLiveReloadServer       : LiveReload server is running on port 35729
2025-07-29T21:41:57.712+05:30  INFO 36873 --- [Builder-Portfolio-Springboot] [restartedMain] o.s.b.w.embedded.tomcat.TomcatWebServer  : Tomcat started on port 8080 (http) with context path '/'
2025-07-29T21:41:57.717+05:30  INFO 36873 --- [Builder-Portfolio-Springboot] [restartedMain] .p.BuilderPortfolioSpringbootApplication : Started BuilderPortfolioSpringbootApplication in 1.54 seconds (process running for 1.719)
2025-07-29T21:42:36.761+05:30  INFO 36873 --- [Builder-Portfolio-Springboot] [http-nio-8080-exec-2] o.a.c.c.C.[Tomcat].[localhost].[/]       : Initializing Spring DispatcherServlet 'dispatcherServlet'
2025-07-29T21:42:36.762+05:30  INFO 36873 --- [Builder-Portfolio-Springboot] [http-nio-8080-exec-2] o.s.web.servlet.DispatcherServlet        : Initializing Servlet 'dispatcherServlet'
2025-07-29T21:42:36.763+05:30  INFO 36873 --- [Builder-Portfolio-Springboot] [http-nio-8080-exec-2] o.s.web.servlet.DispatcherServlet        : Completed initialization in 1 ms
2025-07-29T21:42:36.861+05:30  WARN 36873 --- [Builder-Portfolio-Springboot] [http-nio-8080-exec-2] .m.m.a.ExceptionHandlerExceptionResolver : Resolved [com.praneeth.Exceptions.ClientNotFoundException: User with ID 9 is not a client.]
2025-07-29T21:43:12.775+05:30  WARN 36873 --- [Builder-Portfolio-Springboot] [http-nio-8080-exec-3] .m.m.a.ExceptionHandlerExceptionResolver : Resolved [com.praneeth.Exceptions.ClientNotFoundException: User with ID 7 is not a client.]
2025-07-29T21:43:32.282+05:30  WARN 36873 --- [Builder-Portfolio-Springboot] [http-nio-8080-exec-4] .m.m.a.ExceptionHandlerExceptionResolver : Resolved [com.praneeth.Exceptions.ClientNotFoundException: User with ID 8 is not a client.]
2025-07-29T21:43:56.987+05:30  WARN 36873 --- [Builder-Portfolio-Springboot] [http-nio-8080-exec-6] .m.m.a.ExceptionHandlerExceptionResolver : Resolved [com.praneeth.Exceptions.ClientNotFoundException: User with ID 6 is not a client.]
2025-07-29T21:46:29.102+05:30  INFO 36873 --- [Builder-Portfolio-Springboot] [SpringApplicationShutdownHook] o.s.b.w.e.tomcat.GracefulShutdown        : Commencing graceful shutdown. Waiting for active requests to complete
2025-07-29T21:46:29.105+05:30  INFO 36873 --- [Builder-Portfolio-Springboot] [tomcat-shutdown] o.s.b.w.e.tomcat.GracefulShutdown        : Graceful shutdown complete
2025-07-29T21:46:29.107+05:30  INFO 36873 --- [Builder-Portfolio-Springboot] [SpringApplicationShutdownHook] j.LocalContainerEntityManagerFactoryBean : Closing JPA EntityManagerFactory for persistence unit 'default'
2025-07-29T21:46:29.108+05:30  INFO 36873 --- [Builder-Portfolio-Springboot] [SpringApplicationShutdownHook] com.zaxxer.hikari.HikariDataSource       : HikariPool-1 - Shutdown initiated...
2025-07-29T21:46:29.109+05:30  INFO 36873 --- [Builder-Portfolio-Springboot] [SpringApplicationShutdownHook] com.zaxxer.hikari.HikariDataSource       : HikariPool-1 - Shutdown completed.
2025-07-29T21:46:29.979+05:30  INFO 36963 --- [Builder-Portfolio-Springboot] [restartedMain] .p.BuilderPortfolioSpringbootApplication : Starting BuilderPortfolioSpringbootApplication using Java 17.0.14 with PID 36963 (/Users/kpraneeth/Desktop/Mini-Project-2/Builder-Portfolio-Springboot/target/classes started by kpraneeth in /Users/kpraneeth/Desktop/Mini-Project-2/Builder-Portfolio-Springboot)
2025-07-29T21:46:29.980+05:30 DEBUG 36963 --- [Builder-Portfolio-Springboot] [restartedMain] .p.BuilderPortfolioSpringbootApplication : Running with Spring Boot v3.5.4, Spring v6.2.9
2025-07-29T21:46:29.980+05:30  INFO 36963 --- [Builder-Portfolio-Springboot] [restartedMain] .p.BuilderPortfolioSpringbootApplication : No active profile set, falling back to 1 default profile: "default"
2025-07-29T21:46:29.995+05:30  INFO 36963 --- [Builder-Portfolio-Springboot] [restartedMain] .e.DevToolsPropertyDefaultsPostProcessor : Devtools property defaults active! Set 'spring.devtools.add-properties' to 'false' to disable
2025-07-29T21:46:29.996+05:30  INFO 36963 --- [Builder-Portfolio-Springboot] [restartedMain] .e.DevToolsPropertyDefaultsPostProcessor : For additional web related logging consider setting the 'logging.level.web' property to 'DEBUG'
2025-07-29T21:46:30.232+05:30  INFO 36963 --- [Builder-Portfolio-Springboot] [restartedMain] .s.d.r.c.RepositoryConfigurationDelegate : Bootstrapping Spring Data JPA repositories in DEFAULT mode.
2025-07-29T21:46:30.253+05:30  INFO 36963 --- [Builder-Portfolio-Springboot] [restartedMain] .s.d.r.c.RepositoryConfigurationDelegate : Finished Spring Data repository scanning in 17 ms. Found 2 JPA repository interfaces.
2025-07-29T21:46:30.420+05:30  INFO 36963 --- [Builder-Portfolio-Springboot] [restartedMain] o.s.b.w.embedded.tomcat.TomcatWebServer  : Tomcat initialized with port 8080 (http)
2025-07-29T21:46:30.425+05:30  INFO 36963 --- [Builder-Portfolio-Springboot] [restartedMain] o.apache.catalina.core.StandardService   : Starting service [Tomcat]
2025-07-29T21:46:30.425+05:30  INFO 36963 --- [Builder-Portfolio-Springboot] [restartedMain] o.apache.catalina.core.StandardEngine    : Starting Servlet engine: [Apache Tomcat/10.1.43]
2025-07-29T21:46:30.440+05:30  INFO 36963 --- [Builder-Portfolio-Springboot] [restartedMain] o.a.c.c.C.[Tomcat].[localhost].[/]       : Initializing Spring embedded WebApplicationContext
2025-07-29T21:46:30.440+05:30  INFO 36963 --- [Builder-Portfolio-Springboot] [restartedMain] w.s.c.ServletWebServerApplicationContext : Root WebApplicationContext: initialization completed in 444 ms
2025-07-29T21:46:30.500+05:30  INFO 36963 --- [Builder-Portfolio-Springboot] [restartedMain] o.hibernate.jpa.internal.util.LogHelper  : HHH000204: Processing PersistenceUnitInfo [name: default]
2025-07-29T21:46:30.516+05:30  INFO 36963 --- [Builder-Portfolio-Springboot] [restartedMain] org.hibernate.Version                    : HHH000412: Hibernate ORM core version 6.6.22.Final
2025-07-29T21:46:30.526+05:30  INFO 36963 --- [Builder-Portfolio-Springboot] [restartedMain] o.h.c.internal.RegionFactoryInitiator    : HHH000026: Second-level cache disabled
2025-07-29T21:46:30.606+05:30  INFO 36963 --- [Builder-Portfolio-Springboot] [restartedMain] o.s.o.j.p.SpringPersistenceUnitInfo      : No LoadTimeWeaver setup: ignoring JPA class transformer
2025-07-29T21:46:30.615+05:30  INFO 36963 --- [Builder-Portfolio-Springboot] [restartedMain] com.zaxxer.hikari.HikariDataSource       : HikariPool-1 - Starting...
2025-07-29T21:46:30.677+05:30  INFO 36963 --- [Builder-Portfolio-Springboot] [restartedMain] com.zaxxer.hikari.pool.HikariPool        : HikariPool-1 - Added connection org.postgresql.jdbc.PgConnection@78b1be56
2025-07-29T21:46:30.678+05:30  INFO 36963 --- [Builder-Portfolio-Springboot] [restartedMain] com.zaxxer.hikari.HikariDataSource       : HikariPool-1 - Start completed.
2025-07-29T21:46:30.706+05:30  INFO 36963 --- [Builder-Portfolio-Springboot] [restartedMain] org.hibernate.orm.connections.pooling    : HHH10001005: Database info:
	Database JDBC URL [Connecting through datasource 'HikariDataSource (HikariPool-1)']
	Database driver: undefined/unknown
	Database version: 17.2
	Autocommit mode: undefined/unknown
	Isolation level: undefined/unknown
	Minimum pool size: undefined/unknown
	Maximum pool size: undefined/unknown
2025-07-29T21:46:31.008+05:30  INFO 36963 --- [Builder-Portfolio-Springboot] [restartedMain] o.h.e.t.j.p.i.JtaPlatformInitiator       : HHH000489: No JTA platform available (set 'hibernate.transaction.jta.platform' to enable JTA platform integration)
2025-07-29T21:46:31.080+05:30  INFO 36963 --- [Builder-Portfolio-Springboot] [restartedMain] j.LocalContainerEntityManagerFactoryBean : Initialized JPA EntityManagerFactory for persistence unit 'default'
2025-07-29T21:46:31.152+05:30  WARN 36963 --- [Builder-Portfolio-Springboot] [restartedMain] JpaBaseConfiguration$JpaWebConfiguration : spring.jpa.open-in-view is enabled by default. Therefore, database queries may be performed during view rendering. Explicitly configure spring.jpa.open-in-view to disable this warning
2025-07-29T21:46:31.273+05:30  INFO 36963 --- [Builder-Portfolio-Springboot] [restartedMain] o.s.b.d.a.OptionalLiveReloadServer       : LiveReload server is running on port 35729
2025-07-29T21:46:31.283+05:30  INFO 36963 --- [Builder-Portfolio-Springboot] [restartedMain] o.s.b.w.embedded.tomcat.TomcatWebServer  : Tomcat started on port 8080 (http) with context path '/'
2025-07-29T21:46:31.287+05:30  INFO 36963 --- [Builder-Portfolio-Springboot] [restartedMain] .p.BuilderPortfolioSpringbootApplication : Started BuilderPortfolioSpringbootApplication in 1.465 seconds (process running for 1.614)
2025-07-29T21:46:51.673+05:30  INFO 36963 --- [Builder-Portfolio-Springboot] [http-nio-8080-exec-1] o.a.c.c.C.[Tomcat].[localhost].[/]       : Initializing Spring DispatcherServlet 'dispatcherServlet'
2025-07-29T21:46:51.674+05:30  INFO 36963 --- [Builder-Portfolio-Springboot] [http-nio-8080-exec-1] o.s.web.servlet.DispatcherServlet        : Initializing Servlet 'dispatcherServlet'
2025-07-29T21:46:51.674+05:30  INFO 36963 --- [Builder-Portfolio-Springboot] [http-nio-8080-exec-1] o.s.web.servlet.DispatcherServlet        : Completed initialization in 0 ms
2025-07-29T21:46:51.769+05:30  WARN 36963 --- [Builder-Portfolio-Springboot] [http-nio-8080-exec-1] .m.m.a.ExceptionHandlerExceptionResolver : Resolved [com.praneeth.Exceptions.ClientNotFoundException: User with ID 6 is not a client.]
2025-07-29T21:47:22.725+05:30  INFO 36963 --- [Builder-Portfolio-Springboot] [SpringApplicationShutdownHook] o.s.b.w.e.tomcat.GracefulShutdown        : Commencing graceful shutdown. Waiting for active requests to complete
2025-07-29T21:47:22.727+05:30  INFO 36963 --- [Builder-Portfolio-Springboot] [tomcat-shutdown] o.s.b.w.e.tomcat.GracefulShutdown        : Graceful shutdown complete
2025-07-29T21:47:22.729+05:30  INFO 36963 --- [Builder-Portfolio-Springboot] [SpringApplicationShutdownHook] j.LocalContainerEntityManagerFactoryBean : Closing JPA EntityManagerFactory for persistence unit 'default'
2025-07-29T21:47:22.730+05:30  INFO 36963 --- [Builder-Portfolio-Springboot] [SpringApplicationShutdownHook] com.zaxxer.hikari.HikariDataSource       : HikariPool-1 - Shutdown initiated...
2025-07-29T21:47:22.731+05:30  INFO 36963 --- [Builder-Portfolio-Springboot] [SpringApplicationShutdownHook] com.zaxxer.hikari.HikariDataSource       : HikariPool-1 - Shutdown completed.
2025-07-29T21:47:30.144+05:30  INFO 37006 --- [Builder-Portfolio-Springboot] [restartedMain] .p.BuilderPortfolioSpringbootApplication : Starting BuilderPortfolioSpringbootApplication using Java 17.0.14 with PID 37006 (/Users/kpraneeth/Desktop/Mini-Project-2/Builder-Portfolio-Springboot/target/classes started by kpraneeth in /Users/kpraneeth/Desktop/Mini-Project-2/Builder-Portfolio-Springboot)
2025-07-29T21:47:30.145+05:30 DEBUG 37006 --- [Builder-Portfolio-Springboot] [restartedMain] .p.BuilderPortfolioSpringbootApplication : Running with Spring Boot v3.5.4, Spring v6.2.9
2025-07-29T21:47:30.146+05:30  INFO 37006 --- [Builder-Portfolio-Springboot] [restartedMain] .p.BuilderPortfolioSpringbootApplication : No active profile set, falling back to 1 default profile: "default"
2025-07-29T21:47:30.162+05:30  INFO 37006 --- [Builder-Portfolio-Springboot] [restartedMain] .e.DevToolsPropertyDefaultsPostProcessor : Devtools property defaults active! Set 'spring.devtools.add-properties' to 'false' to disable
2025-07-29T21:47:30.162+05:30  INFO 37006 --- [Builder-Portfolio-Springboot] [restartedMain] .e.DevToolsPropertyDefaultsPostProcessor : For additional web related logging consider setting the 'logging.level.web' property to 'DEBUG'
2025-07-29T21:47:30.401+05:30  INFO 37006 --- [Builder-Portfolio-Springboot] [restartedMain] .s.d.r.c.RepositoryConfigurationDelegate : Bootstrapping Spring Data JPA repositories in DEFAULT mode.
2025-07-29T21:47:30.425+05:30  INFO 37006 --- [Builder-Portfolio-Springboot] [restartedMain] .s.d.r.c.RepositoryConfigurationDelegate : Finished Spring Data repository scanning in 20 ms. Found 2 JPA repository interfaces.
2025-07-29T21:47:30.605+05:30  INFO 37006 --- [Builder-Portfolio-Springboot] [restartedMain] o.s.b.w.embedded.tomcat.TomcatWebServer  : Tomcat initialized with port 8080 (http)
2025-07-29T21:47:30.611+05:30  INFO 37006 --- [Builder-Portfolio-Springboot] [restartedMain] o.apache.catalina.core.StandardService   : Starting service [Tomcat]
2025-07-29T21:47:30.611+05:30  INFO 37006 --- [Builder-Portfolio-Springboot] [restartedMain] o.apache.catalina.core.StandardEngine    : Starting Servlet engine: [Apache Tomcat/10.1.43]
2025-07-29T21:47:30.626+05:30  INFO 37006 --- [Builder-Portfolio-Springboot] [restartedMain] o.a.c.c.C.[Tomcat].[localhost].[/]       : Initializing Spring embedded WebApplicationContext
2025-07-29T21:47:30.627+05:30  INFO 37006 --- [Builder-Portfolio-Springboot] [restartedMain] w.s.c.ServletWebServerApplicationContext : Root WebApplicationContext: initialization completed in 464 ms
2025-07-29T21:47:30.691+05:30  INFO 37006 --- [Builder-Portfolio-Springboot] [restartedMain] o.hibernate.jpa.internal.util.LogHelper  : HHH000204: Processing PersistenceUnitInfo [name: default]
2025-07-29T21:47:30.709+05:30  INFO 37006 --- [Builder-Portfolio-Springboot] [restartedMain] org.hibernate.Version                    : HHH000412: Hibernate ORM core version 6.6.22.Final
2025-07-29T21:47:30.720+05:30  INFO 37006 --- [Builder-Portfolio-Springboot] [restartedMain] o.h.c.internal.RegionFactoryInitiator    : HHH000026: Second-level cache disabled
2025-07-29T21:47:30.810+05:30  INFO 37006 --- [Builder-Portfolio-Springboot] [restartedMain] o.s.o.j.p.SpringPersistenceUnitInfo      : No LoadTimeWeaver setup: ignoring JPA class transformer
2025-07-29T21:47:30.821+05:30  INFO 37006 --- [Builder-Portfolio-Springboot] [restartedMain] com.zaxxer.hikari.HikariDataSource       : HikariPool-1 - Starting...
2025-07-29T21:47:30.892+05:30  INFO 37006 --- [Builder-Portfolio-Springboot] [restartedMain] com.zaxxer.hikari.pool.HikariPool        : HikariPool-1 - Added connection org.postgresql.jdbc.PgConnection@79f0c9aa
2025-07-29T21:47:30.894+05:30  INFO 37006 --- [Builder-Portfolio-Springboot] [restartedMain] com.zaxxer.hikari.HikariDataSource       : HikariPool-1 - Start completed.
2025-07-29T21:47:30.919+05:30  INFO 37006 --- [Builder-Portfolio-Springboot] [restartedMain] org.hibernate.orm.connections.pooling    : HHH10001005: Database info:
	Database JDBC URL [Connecting through datasource 'HikariDataSource (HikariPool-1)']
	Database driver: undefined/unknown
	Database version: 17.2
	Autocommit mode: undefined/unknown
	Isolation level: undefined/unknown
	Minimum pool size: undefined/unknown
	Maximum pool size: undefined/unknown
2025-07-29T21:47:31.247+05:30  INFO 37006 --- [Builder-Portfolio-Springboot] [restartedMain] o.h.e.t.j.p.i.JtaPlatformInitiator       : HHH000489: No JTA platform available (set 'hibernate.transaction.jta.platform' to enable JTA platform integration)
2025-07-29T21:47:31.317+05:30  INFO 37006 --- [Builder-Portfolio-Springboot] [restartedMain] j.LocalContainerEntityManagerFactoryBean : Initialized JPA EntityManagerFactory for persistence unit 'default'
2025-07-29T21:47:31.419+05:30  WARN 37006 --- [Builder-Portfolio-Springboot] [restartedMain] JpaBaseConfiguration$JpaWebConfiguration : spring.jpa.open-in-view is enabled by default. Therefore, database queries may be performed during view rendering. Explicitly configure spring.jpa.open-in-view to disable this warning
2025-07-29T21:47:31.546+05:30  INFO 37006 --- [Builder-Portfolio-Springboot] [restartedMain] o.s.b.d.a.OptionalLiveReloadServer       : LiveReload server is running on port 35729
2025-07-29T21:47:31.556+05:30  INFO 37006 --- [Builder-Portfolio-Springboot] [restartedMain] o.s.b.w.embedded.tomcat.TomcatWebServer  : Tomcat started on port 8080 (http) with context path '/'
2025-07-29T21:47:31.561+05:30  INFO 37006 --- [Builder-Portfolio-Springboot] [restartedMain] .p.BuilderPortfolioSpringbootApplication : Started BuilderPortfolioSpringbootApplication in 1.601 seconds (process running for 1.831)
2025-07-29T21:47:37.563+05:30  INFO 37006 --- [Builder-Portfolio-Springboot] [http-nio-8080-exec-1] o.a.c.c.C.[Tomcat].[localhost].[/]       : Initializing Spring DispatcherServlet 'dispatcherServlet'
2025-07-29T21:47:37.563+05:30  INFO 37006 --- [Builder-Portfolio-Springboot] [http-nio-8080-exec-1] o.s.web.servlet.DispatcherServlet        : Initializing Servlet 'dispatcherServlet'
2025-07-29T21:47:37.564+05:30  INFO 37006 --- [Builder-Portfolio-Springboot] [http-nio-8080-exec-1] o.s.web.servlet.DispatcherServlet        : Completed initialization in 0 ms
2025-07-29T21:49:03.547+05:30  WARN 37006 --- [Builder-Portfolio-Springboot] [HikariPool-1:housekeeper] com.zaxxer.hikari.pool.HikariPool        : HikariPool-1 - Thread starvation or clock leap detected (housekeeper delta=57s30ms).
2025-07-29T21:49:57.295+05:30  WARN 37006 --- [Builder-Portfolio-Springboot] [HikariPool-1:housekeeper] com.zaxxer.hikari.pool.HikariPool        : HikariPool-1 - Thread starvation or clock leap detected (housekeeper delta=53s749ms).
2025-07-29T21:49:57.341+05:30  WARN 37006 --- [Builder-Portfolio-Springboot] [http-nio-8080-exec-1] .m.m.a.ExceptionHandlerExceptionResolver : Resolved [com.praneeth.Exceptions.ClientNotFoundException: User with ID 6 is not a client.]
2025-07-29T21:50:06.609+05:30  INFO 37006 --- [Builder-Portfolio-Springboot] [SpringApplicationShutdownHook] o.s.b.w.e.tomcat.GracefulShutdown        : Commencing graceful shutdown. Waiting for active requests to complete
2025-07-29T21:50:06.612+05:30  INFO 37006 --- [Builder-Portfolio-Springboot] [tomcat-shutdown] o.s.b.w.e.tomcat.GracefulShutdown        : Graceful shutdown complete
2025-07-29T21:50:06.613+05:30  INFO 37006 --- [Builder-Portfolio-Springboot] [SpringApplicationShutdownHook] j.LocalContainerEntityManagerFactoryBean : Closing JPA EntityManagerFactory for persistence unit 'default'
2025-07-29T21:50:06.614+05:30  INFO 37006 --- [Builder-Portfolio-Springboot] [SpringApplicationShutdownHook] com.zaxxer.hikari.HikariDataSource       : HikariPool-1 - Shutdown initiated...
2025-07-29T21:50:06.615+05:30  INFO 37006 --- [Builder-Portfolio-Springboot] [SpringApplicationShutdownHook] com.zaxxer.hikari.HikariDataSource       : HikariPool-1 - Shutdown completed.
2025-07-29T21:50:07.616+05:30  INFO 37074 --- [Builder-Portfolio-Springboot] [restartedMain] .p.BuilderPortfolioSpringbootApplication : Starting BuilderPortfolioSpringbootApplication using Java 17.0.14 with PID 37074 (/Users/kpraneeth/Desktop/Mini-Project-2/Builder-Portfolio-Springboot/target/classes started by kpraneeth in /Users/kpraneeth/Desktop/Mini-Project-2/Builder-Portfolio-Springboot)
2025-07-29T21:50:07.617+05:30 DEBUG 37074 --- [Builder-Portfolio-Springboot] [restartedMain] .p.BuilderPortfolioSpringbootApplication : Running with Spring Boot v3.5.4, Spring v6.2.9
2025-07-29T21:50:07.617+05:30  INFO 37074 --- [Builder-Portfolio-Springboot] [restartedMain] .p.BuilderPortfolioSpringbootApplication : No active profile set, falling back to 1 default profile: "default"
2025-07-29T21:50:07.649+05:30  INFO 37074 --- [Builder-Portfolio-Springboot] [restartedMain] .e.DevToolsPropertyDefaultsPostProcessor : Devtools property defaults active! Set 'spring.devtools.add-properties' to 'false' to disable
2025-07-29T21:50:07.649+05:30  INFO 37074 --- [Builder-Portfolio-Springboot] [restartedMain] .e.DevToolsPropertyDefaultsPostProcessor : For additional web related logging consider setting the 'logging.level.web' property to 'DEBUG'
2025-07-29T21:50:07.906+05:30  INFO 37074 --- [Builder-Portfolio-Springboot] [restartedMain] .s.d.r.c.RepositoryConfigurationDelegate : Bootstrapping Spring Data JPA repositories in DEFAULT mode.
2025-07-29T21:50:07.929+05:30  INFO 37074 --- [Builder-Portfolio-Springboot] [restartedMain] .s.d.r.c.RepositoryConfigurationDelegate : Finished Spring Data repository scanning in 20 ms. Found 2 JPA repository interfaces.
2025-07-29T21:50:08.107+05:30  INFO 37074 --- [Builder-Portfolio-Springboot] [restartedMain] o.s.b.w.embedded.tomcat.TomcatWebServer  : Tomcat initialized with port 8080 (http)
2025-07-29T21:50:08.112+05:30  INFO 37074 --- [Builder-Portfolio-Springboot] [restartedMain] o.apache.catalina.core.StandardService   : Starting service [Tomcat]
2025-07-29T21:50:08.112+05:30  INFO 37074 --- [Builder-Portfolio-Springboot] [restartedMain] o.apache.catalina.core.StandardEngine    : Starting Servlet engine: [Apache Tomcat/10.1.43]
2025-07-29T21:50:08.129+05:30  INFO 37074 --- [Builder-Portfolio-Springboot] [restartedMain] o.a.c.c.C.[Tomcat].[localhost].[/]       : Initializing Spring embedded WebApplicationContext
2025-07-29T21:50:08.129+05:30  INFO 37074 --- [Builder-Portfolio-Springboot] [restartedMain] w.s.c.ServletWebServerApplicationContext : Root WebApplicationContext: initialization completed in 479 ms
2025-07-29T21:50:08.191+05:30  INFO 37074 --- [Builder-Portfolio-Springboot] [restartedMain] o.hibernate.jpa.internal.util.LogHelper  : HHH000204: Processing PersistenceUnitInfo [name: default]
2025-07-29T21:50:08.209+05:30  INFO 37074 --- [Builder-Portfolio-Springboot] [restartedMain] org.hibernate.Version                    : HHH000412: Hibernate ORM core version 6.6.22.Final
2025-07-29T21:50:08.220+05:30  INFO 37074 --- [Builder-Portfolio-Springboot] [restartedMain] o.h.c.internal.RegionFactoryInitiator    : HHH000026: Second-level cache disabled
2025-07-29T21:50:08.305+05:30  INFO 37074 --- [Builder-Portfolio-Springboot] [restartedMain] o.s.o.j.p.SpringPersistenceUnitInfo      : No LoadTimeWeaver setup: ignoring JPA class transformer
2025-07-29T21:50:08.315+05:30  INFO 37074 --- [Builder-Portfolio-Springboot] [restartedMain] com.zaxxer.hikari.HikariDataSource       : HikariPool-1 - Starting...
2025-07-29T21:50:08.386+05:30  INFO 37074 --- [Builder-Portfolio-Springboot] [restartedMain] com.zaxxer.hikari.pool.HikariPool        : HikariPool-1 - Added connection org.postgresql.jdbc.PgConnection@59e1fcfa
2025-07-29T21:50:08.387+05:30  INFO 37074 --- [Builder-Portfolio-Springboot] [restartedMain] com.zaxxer.hikari.HikariDataSource       : HikariPool-1 - Start completed.
2025-07-29T21:50:08.416+05:30  INFO 37074 --- [Builder-Portfolio-Springboot] [restartedMain] org.hibernate.orm.connections.pooling    : HHH10001005: Database info:
	Database JDBC URL [Connecting through datasource 'HikariDataSource (HikariPool-1)']
	Database driver: undefined/unknown
	Database version: 17.2
	Autocommit mode: undefined/unknown
	Isolation level: undefined/unknown
	Minimum pool size: undefined/unknown
	Maximum pool size: undefined/unknown
2025-07-29T21:50:08.738+05:30  INFO 37074 --- [Builder-Portfolio-Springboot] [restartedMain] o.h.e.t.j.p.i.JtaPlatformInitiator       : HHH000489: No JTA platform available (set 'hibernate.transaction.jta.platform' to enable JTA platform integration)
2025-07-29T21:50:08.809+05:30  INFO 37074 --- [Builder-Portfolio-Springboot] [restartedMain] j.LocalContainerEntityManagerFactoryBean : Initialized JPA EntityManagerFactory for persistence unit 'default'
2025-07-29T21:50:08.896+05:30  WARN 37074 --- [Builder-Portfolio-Springboot] [restartedMain] JpaBaseConfiguration$JpaWebConfiguration : spring.jpa.open-in-view is enabled by default. Therefore, database queries may be performed during view rendering. Explicitly configure spring.jpa.open-in-view to disable this warning
2025-07-29T21:50:09.018+05:30  INFO 37074 --- [Builder-Portfolio-Springboot] [restartedMain] o.s.b.d.a.OptionalLiveReloadServer       : LiveReload server is running on port 35729
2025-07-29T21:50:09.031+05:30  INFO 37074 --- [Builder-Portfolio-Springboot] [restartedMain] o.s.b.w.embedded.tomcat.TomcatWebServer  : Tomcat started on port 8080 (http) with context path '/'
2025-07-29T21:50:09.036+05:30  INFO 37074 --- [Builder-Portfolio-Springboot] [restartedMain] .p.BuilderPortfolioSpringbootApplication : Started BuilderPortfolioSpringbootApplication in 1.594 seconds (process running for 1.784)
2025-07-29T21:50:59.205+05:30  INFO 37074 --- [Builder-Portfolio-Springboot] [http-nio-8080-exec-2] o.a.c.c.C.[Tomcat].[localhost].[/]       : Initializing Spring DispatcherServlet 'dispatcherServlet'
2025-07-29T21:50:59.206+05:30  INFO 37074 --- [Builder-Portfolio-Springboot] [http-nio-8080-exec-2] o.s.web.servlet.DispatcherServlet        : Initializing Servlet 'dispatcherServlet'
2025-07-29T21:50:59.207+05:30  INFO 37074 --- [Builder-Portfolio-Springboot] [http-nio-8080-exec-2] o.s.web.servlet.DispatcherServlet        : Completed initialization in 1 ms
2025-07-29T21:51:38.755+05:30  WARN 37074 --- [Builder-Portfolio-Springboot] [HikariPool-1:housekeeper] com.zaxxer.hikari.pool.HikariPool        : HikariPool-1 - Thread starvation or clock leap detected (housekeeper delta=1m262ms).
2025-07-29T21:58:43.011+05:30  WARN 37074 --- [Builder-Portfolio-Springboot] [HikariPool-1:housekeeper] com.zaxxer.hikari.pool.HikariPool        : HikariPool-1 - Thread starvation or clock leap detected (housekeeper delta=7m4s256ms).
2025-07-29T21:58:43.025+05:30  WARN 37074 --- [Builder-Portfolio-Springboot] [http-nio-8080-exec-2] .m.m.a.ExceptionHandlerExceptionResolver : Resolved [com.praneeth.Exceptions.ClientNotFoundException: User with ID 6 is not a client.]
2025-07-29T21:58:43.057+05:30  INFO 37074 --- [Builder-Portfolio-Springboot] [SpringApplicationShutdownHook] o.s.b.w.e.tomcat.GracefulShutdown        : Commencing graceful shutdown. Waiting for active requests to complete
2025-07-29T21:58:43.060+05:30  INFO 37074 --- [Builder-Portfolio-Springboot] [tomcat-shutdown] o.s.b.w.e.tomcat.GracefulShutdown        : Graceful shutdown complete
2025-07-29T21:58:43.062+05:30  INFO 37074 --- [Builder-Portfolio-Springboot] [SpringApplicationShutdownHook] j.LocalContainerEntityManagerFactoryBean : Closing JPA EntityManagerFactory for persistence unit 'default'
2025-07-29T21:58:43.064+05:30  INFO 37074 --- [Builder-Portfolio-Springboot] [SpringApplicationShutdownHook] com.zaxxer.hikari.HikariDataSource       : HikariPool-1 - Shutdown initiated...
2025-07-29T21:58:43.064+05:30  INFO 37074 --- [Builder-Portfolio-Springboot] [SpringApplicationShutdownHook] com.zaxxer.hikari.HikariDataSource       : HikariPool-1 - Shutdown completed.
2025-07-29T21:59:04.332+05:30  INFO 37267 --- [Builder-Portfolio-Springboot] [restartedMain] .p.BuilderPortfolioSpringbootApplication : Starting BuilderPortfolioSpringbootApplication using Java 17.0.14 with PID 37267 (/Users/kpraneeth/Desktop/Mini-Project-2/Builder-Portfolio-Springboot/target/classes started by kpraneeth in /Users/kpraneeth/Desktop/Mini-Project-2/Builder-Portfolio-Springboot)
2025-07-29T21:59:04.333+05:30 DEBUG 37267 --- [Builder-Portfolio-Springboot] [restartedMain] .p.BuilderPortfolioSpringbootApplication : Running with Spring Boot v3.5.4, Spring v6.2.9
2025-07-29T21:59:04.333+05:30  INFO 37267 --- [Builder-Portfolio-Springboot] [restartedMain] .p.BuilderPortfolioSpringbootApplication : No active profile set, falling back to 1 default profile: "default"
2025-07-29T21:59:04.349+05:30  INFO 37267 --- [Builder-Portfolio-Springboot] [restartedMain] .e.DevToolsPropertyDefaultsPostProcessor : Devtools property defaults active! Set 'spring.devtools.add-properties' to 'false' to disable
2025-07-29T21:59:04.349+05:30  INFO 37267 --- [Builder-Portfolio-Springboot] [restartedMain] .e.DevToolsPropertyDefaultsPostProcessor : For additional web related logging consider setting the 'logging.level.web' property to 'DEBUG'
2025-07-29T21:59:04.588+05:30  INFO 37267 --- [Builder-Portfolio-Springboot] [restartedMain] .s.d.r.c.RepositoryConfigurationDelegate : Bootstrapping Spring Data JPA repositories in DEFAULT mode.
2025-07-29T21:59:04.611+05:30  INFO 37267 --- [Builder-Portfolio-Springboot] [restartedMain] .s.d.r.c.RepositoryConfigurationDelegate : Finished Spring Data repository scanning in 19 ms. Found 2 JPA repository interfaces.
2025-07-29T21:59:04.763+05:30  INFO 37267 --- [Builder-Portfolio-Springboot] [restartedMain] o.s.b.w.embedded.tomcat.TomcatWebServer  : Tomcat initialized with port 8080 (http)
2025-07-29T21:59:04.768+05:30  INFO 37267 --- [Builder-Portfolio-Springboot] [restartedMain] o.apache.catalina.core.StandardService   : Starting service [Tomcat]
2025-07-29T21:59:04.768+05:30  INFO 37267 --- [Builder-Portfolio-Springboot] [restartedMain] o.apache.catalina.core.StandardEngine    : Starting Servlet engine: [Apache Tomcat/10.1.43]
2025-07-29T21:59:04.783+05:30  INFO 37267 --- [Builder-Portfolio-Springboot] [restartedMain] o.a.c.c.C.[Tomcat].[localhost].[/]       : Initializing Spring embedded WebApplicationContext
2025-07-29T21:59:04.783+05:30  INFO 37267 --- [Builder-Portfolio-Springboot] [restartedMain] w.s.c.ServletWebServerApplicationContext : Root WebApplicationContext: initialization completed in 434 ms
2025-07-29T21:59:04.847+05:30  INFO 37267 --- [Builder-Portfolio-Springboot] [restartedMain] o.hibernate.jpa.internal.util.LogHelper  : HHH000204: Processing PersistenceUnitInfo [name: default]
2025-07-29T21:59:04.865+05:30  INFO 37267 --- [Builder-Portfolio-Springboot] [restartedMain] org.hibernate.Version                    : HHH000412: Hibernate ORM core version 6.6.22.Final
2025-07-29T21:59:04.876+05:30  INFO 37267 --- [Builder-Portfolio-Springboot] [restartedMain] o.h.c.internal.RegionFactoryInitiator    : HHH000026: Second-level cache disabled
2025-07-29T21:59:04.957+05:30  INFO 37267 --- [Builder-Portfolio-Springboot] [restartedMain] o.s.o.j.p.SpringPersistenceUnitInfo      : No LoadTimeWeaver setup: ignoring JPA class transformer
2025-07-29T21:59:04.966+05:30  INFO 37267 --- [Builder-Portfolio-Springboot] [restartedMain] com.zaxxer.hikari.HikariDataSource       : HikariPool-1 - Starting...
2025-07-29T21:59:05.030+05:30  INFO 37267 --- [Builder-Portfolio-Springboot] [restartedMain] com.zaxxer.hikari.pool.HikariPool        : HikariPool-1 - Added connection org.postgresql.jdbc.PgConnection@4233d9b3
2025-07-29T21:59:05.030+05:30  INFO 37267 --- [Builder-Portfolio-Springboot] [restartedMain] com.zaxxer.hikari.HikariDataSource       : HikariPool-1 - Start completed.
2025-07-29T21:59:05.056+05:30  INFO 37267 --- [Builder-Portfolio-Springboot] [restartedMain] org.hibernate.orm.connections.pooling    : HHH10001005: Database info:
	Database JDBC URL [Connecting through datasource 'HikariDataSource (HikariPool-1)']
	Database driver: undefined/unknown
	Database version: 17.2
	Autocommit mode: undefined/unknown
	Isolation level: undefined/unknown
	Minimum pool size: undefined/unknown
	Maximum pool size: undefined/unknown
2025-07-29T21:59:05.374+05:30  INFO 37267 --- [Builder-Portfolio-Springboot] [restartedMain] o.h.e.t.j.p.i.JtaPlatformInitiator       : HHH000489: No JTA platform available (set 'hibernate.transaction.jta.platform' to enable JTA platform integration)
2025-07-29T21:59:05.450+05:30  INFO 37267 --- [Builder-Portfolio-Springboot] [restartedMain] j.LocalContainerEntityManagerFactoryBean : Initialized JPA EntityManagerFactory for persistence unit 'default'
2025-07-29T21:59:05.542+05:30  WARN 37267 --- [Builder-Portfolio-Springboot] [restartedMain] JpaBaseConfiguration$JpaWebConfiguration : spring.jpa.open-in-view is enabled by default. Therefore, database queries may be performed during view rendering. Explicitly configure spring.jpa.open-in-view to disable this warning
2025-07-29T21:59:05.667+05:30  INFO 37267 --- [Builder-Portfolio-Springboot] [restartedMain] o.s.b.d.a.OptionalLiveReloadServer       : LiveReload server is running on port 35729
2025-07-29T21:59:05.677+05:30  INFO 37267 --- [Builder-Portfolio-Springboot] [restartedMain] o.s.b.w.embedded.tomcat.TomcatWebServer  : Tomcat started on port 8080 (http) with context path '/'
2025-07-29T21:59:05.682+05:30  INFO 37267 --- [Builder-Portfolio-Springboot] [restartedMain] .p.BuilderPortfolioSpringbootApplication : Started BuilderPortfolioSpringbootApplication in 1.524 seconds (process running for 1.701)
2025-07-29T21:59:12.179+05:30  INFO 37267 --- [Builder-Portfolio-Springboot] [http-nio-8080-exec-2] o.a.c.c.C.[Tomcat].[localhost].[/]       : Initializing Spring DispatcherServlet 'dispatcherServlet'
2025-07-29T21:59:12.180+05:30  INFO 37267 --- [Builder-Portfolio-Springboot] [http-nio-8080-exec-2] o.s.web.servlet.DispatcherServlet        : Initializing Servlet 'dispatcherServlet'
2025-07-29T21:59:12.180+05:30  INFO 37267 --- [Builder-Portfolio-Springboot] [http-nio-8080-exec-2] o.s.web.servlet.DispatcherServlet        : Completed initialization in 0 ms
2025-07-29T21:59:41.069+05:30  WARN 37267 --- [Builder-Portfolio-Springboot] [http-nio-8080-exec-2] .m.m.a.ExceptionHandlerExceptionResolver : Resolved [com.praneeth.Exceptions.ClientNotFoundException: User with ID 6 is not a client.]
2025-07-29T21:59:41.109+05:30  INFO 37267 --- [Builder-Portfolio-Springboot] [SpringApplicationShutdownHook] o.s.b.w.e.tomcat.GracefulShutdown        : Commencing graceful shutdown. Waiting for active requests to complete
2025-07-29T21:59:41.111+05:30  INFO 37267 --- [Builder-Portfolio-Springboot] [tomcat-shutdown] o.s.b.w.e.tomcat.GracefulShutdown        : Graceful shutdown complete
2025-07-29T21:59:41.113+05:30  INFO 37267 --- [Builder-Portfolio-Springboot] [SpringApplicationShutdownHook] j.LocalContainerEntityManagerFactoryBean : Closing JPA EntityManagerFactory for persistence unit 'default'
2025-07-29T21:59:41.114+05:30  INFO 37267 --- [Builder-Portfolio-Springboot] [SpringApplicationShutdownHook] com.zaxxer.hikari.HikariDataSource       : HikariPool-1 - Shutdown initiated...
2025-07-29T21:59:41.115+05:30  INFO 37267 --- [Builder-Portfolio-Springboot] [SpringApplicationShutdownHook] com.zaxxer.hikari.HikariDataSource       : HikariPool-1 - Shutdown completed.
2025-07-29T22:01:41.947+05:30  INFO 37328 --- [Builder-Portfolio-Springboot] [restartedMain] .p.BuilderPortfolioSpringbootApplication : Starting BuilderPortfolioSpringbootApplication using Java 17.0.14 with PID 37328 (/Users/kpraneeth/Desktop/Mini-Project-2/Builder-Portfolio-Springboot/target/classes started by kpraneeth in /Users/kpraneeth/Desktop/Mini-Project-2/Builder-Portfolio-Springboot)
2025-07-29T22:01:41.948+05:30 DEBUG 37328 --- [Builder-Portfolio-Springboot] [restartedMain] .p.BuilderPortfolioSpringbootApplication : Running with Spring Boot v3.5.4, Spring v6.2.9
2025-07-29T22:01:41.949+05:30  INFO 37328 --- [Builder-Portfolio-Springboot] [restartedMain] .p.BuilderPortfolioSpringbootApplication : No active profile set, falling back to 1 default profile: "default"
2025-07-29T22:01:41.965+05:30  INFO 37328 --- [Builder-Portfolio-Springboot] [restartedMain] .e.DevToolsPropertyDefaultsPostProcessor : Devtools property defaults active! Set 'spring.devtools.add-properties' to 'false' to disable
2025-07-29T22:01:41.966+05:30  INFO 37328 --- [Builder-Portfolio-Springboot] [restartedMain] .e.DevToolsPropertyDefaultsPostProcessor : For additional web related logging consider setting the 'logging.level.web' property to 'DEBUG'
2025-07-29T22:01:42.188+05:30  INFO 37328 --- [Builder-Portfolio-Springboot] [restartedMain] .s.d.r.c.RepositoryConfigurationDelegate : Bootstrapping Spring Data JPA repositories in DEFAULT mode.
2025-07-29T22:01:42.210+05:30  INFO 37328 --- [Builder-Portfolio-Springboot] [restartedMain] .s.d.r.c.RepositoryConfigurationDelegate : Finished Spring Data repository scanning in 19 ms. Found 2 JPA repository interfaces.
2025-07-29T22:01:42.377+05:30  INFO 37328 --- [Builder-Portfolio-Springboot] [restartedMain] o.s.b.w.embedded.tomcat.TomcatWebServer  : Tomcat initialized with port 8080 (http)
2025-07-29T22:01:42.382+05:30  INFO 37328 --- [Builder-Portfolio-Springboot] [restartedMain] o.apache.catalina.core.StandardService   : Starting service [Tomcat]
2025-07-29T22:01:42.382+05:30  INFO 37328 --- [Builder-Portfolio-Springboot] [restartedMain] o.apache.catalina.core.StandardEngine    : Starting Servlet engine: [Apache Tomcat/10.1.43]
2025-07-29T22:01:42.395+05:30  INFO 37328 --- [Builder-Portfolio-Springboot] [restartedMain] o.a.c.c.C.[Tomcat].[localhost].[/]       : Initializing Spring embedded WebApplicationContext
2025-07-29T22:01:42.395+05:30  INFO 37328 --- [Builder-Portfolio-Springboot] [restartedMain] w.s.c.ServletWebServerApplicationContext : Root WebApplicationContext: initialization completed in 429 ms
2025-07-29T22:01:42.459+05:30  INFO 37328 --- [Builder-Portfolio-Springboot] [restartedMain] o.hibernate.jpa.internal.util.LogHelper  : HHH000204: Processing PersistenceUnitInfo [name: default]
2025-07-29T22:01:42.474+05:30  INFO 37328 --- [Builder-Portfolio-Springboot] [restartedMain] org.hibernate.Version                    : HHH000412: Hibernate ORM core version 6.6.22.Final
2025-07-29T22:01:42.485+05:30  INFO 37328 --- [Builder-Portfolio-Springboot] [restartedMain] o.h.c.internal.RegionFactoryInitiator    : HHH000026: Second-level cache disabled
2025-07-29T22:01:42.565+05:30  INFO 37328 --- [Builder-Portfolio-Springboot] [restartedMain] o.s.o.j.p.SpringPersistenceUnitInfo      : No LoadTimeWeaver setup: ignoring JPA class transformer
2025-07-29T22:01:42.574+05:30  INFO 37328 --- [Builder-Portfolio-Springboot] [restartedMain] com.zaxxer.hikari.HikariDataSource       : HikariPool-1 - Starting...
2025-07-29T22:01:42.637+05:30  INFO 37328 --- [Builder-Portfolio-Springboot] [restartedMain] com.zaxxer.hikari.pool.HikariPool        : HikariPool-1 - Added connection org.postgresql.jdbc.PgConnection@51f2896
2025-07-29T22:01:42.637+05:30  INFO 37328 --- [Builder-Portfolio-Springboot] [restartedMain] com.zaxxer.hikari.HikariDataSource       : HikariPool-1 - Start completed.
2025-07-29T22:01:42.667+05:30  INFO 37328 --- [Builder-Portfolio-Springboot] [restartedMain] org.hibernate.orm.connections.pooling    : HHH10001005: Database info:
	Database JDBC URL [Connecting through datasource 'HikariDataSource (HikariPool-1)']
	Database driver: undefined/unknown
	Database version: 17.2
	Autocommit mode: undefined/unknown
	Isolation level: undefined/unknown
	Minimum pool size: undefined/unknown
	Maximum pool size: undefined/unknown
2025-07-29T22:01:42.962+05:30  INFO 37328 --- [Builder-Portfolio-Springboot] [restartedMain] o.h.e.t.j.p.i.JtaPlatformInitiator       : HHH000489: No JTA platform available (set 'hibernate.transaction.jta.platform' to enable JTA platform integration)
2025-07-29T22:01:43.029+05:30  INFO 37328 --- [Builder-Portfolio-Springboot] [restartedMain] j.LocalContainerEntityManagerFactoryBean : Initialized JPA EntityManagerFactory for persistence unit 'default'
2025-07-29T22:01:43.099+05:30  WARN 37328 --- [Builder-Portfolio-Springboot] [restartedMain] JpaBaseConfiguration$JpaWebConfiguration : spring.jpa.open-in-view is enabled by default. Therefore, database queries may be performed during view rendering. Explicitly configure spring.jpa.open-in-view to disable this warning
2025-07-29T22:01:43.222+05:30  INFO 37328 --- [Builder-Portfolio-Springboot] [restartedMain] o.s.b.d.a.OptionalLiveReloadServer       : LiveReload server is running on port 35729
2025-07-29T22:01:43.232+05:30  INFO 37328 --- [Builder-Portfolio-Springboot] [restartedMain] o.s.b.w.embedded.tomcat.TomcatWebServer  : Tomcat started on port 8080 (http) with context path '/'
2025-07-29T22:01:43.236+05:30  INFO 37328 --- [Builder-Portfolio-Springboot] [restartedMain] .p.BuilderPortfolioSpringbootApplication : Started BuilderPortfolioSpringbootApplication in 1.449 seconds (process running for 1.602)
2025-07-29T22:01:56.984+05:30  INFO 37328 --- [Builder-Portfolio-Springboot] [http-nio-8080-exec-2] o.a.c.c.C.[Tomcat].[localhost].[/]       : Initializing Spring DispatcherServlet 'dispatcherServlet'
2025-07-29T22:01:56.984+05:30  INFO 37328 --- [Builder-Portfolio-Springboot] [http-nio-8080-exec-2] o.s.web.servlet.DispatcherServlet        : Initializing Servlet 'dispatcherServlet'
2025-07-29T22:01:56.985+05:30  INFO 37328 --- [Builder-Portfolio-Springboot] [http-nio-8080-exec-2] o.s.web.servlet.DispatcherServlet        : Completed initialization in 1 ms
2025-07-29T22:01:57.074+05:30  WARN 37328 --- [Builder-Portfolio-Springboot] [http-nio-8080-exec-2] .m.m.a.ExceptionHandlerExceptionResolver : Resolved [com.praneeth.Exceptions.BuilderNotFoundException: User with ID 7 is not a builder.]
2025-07-29T22:02:14.314+05:30  INFO 37328 --- [Builder-Portfolio-Springboot] [http-nio-8080-exec-3] c.p.S.I.ProjectServiceImpl               : Creating project: Project Six
2025-07-29T22:02:24.179+05:30  INFO 37328 --- [Builder-Portfolio-Springboot] [SpringApplicationShutdownHook] o.s.b.w.e.tomcat.GracefulShutdown        : Commencing graceful shutdown. Waiting for active requests to complete
2025-07-29T22:02:24.181+05:30  INFO 37328 --- [Builder-Portfolio-Springboot] [tomcat-shutdown] o.s.b.w.e.tomcat.GracefulShutdown        : Graceful shutdown complete
2025-07-29T22:02:24.183+05:30  INFO 37328 --- [Builder-Portfolio-Springboot] [SpringApplicationShutdownHook] j.LocalContainerEntityManagerFactoryBean : Closing JPA EntityManagerFactory for persistence unit 'default'
2025-07-29T22:02:24.184+05:30  INFO 37328 --- [Builder-Portfolio-Springboot] [SpringApplicationShutdownHook] com.zaxxer.hikari.HikariDataSource       : HikariPool-1 - Shutdown initiated...
2025-07-29T22:02:24.185+05:30  INFO 37328 --- [Builder-Portfolio-Springboot] [SpringApplicationShutdownHook] com.zaxxer.hikari.HikariDataSource       : HikariPool-1 - Shutdown completed.
